

================================================================
== Vitis HLS Report for 'tiled_conv'
================================================================
* Date:           Tue Apr 18 17:01:47 2023

* Version:        2022.1.2 (Build 3605665 on Fri Aug  5 22:52:02 MDT 2022)
* Project:        proj
* Solution:       solution1 (Vivado IP Flow Target)
* Product family: zynq
* Target device:  xc7z020-clg400-1


================================================================
== Performance Estimates
================================================================
+ Timing: 
    * Summary: 
    +--------+----------+----------+------------+
    |  Clock |  Target  | Estimated| Uncertainty|
    +--------+----------+----------+------------+
    |ap_clk  |  10.00 ns|  7.300 ns|     2.70 ns|
    +--------+----------+----------+------------+

+ Latency: 
    * Summary: 
    +---------+---------+-----------+-----------+------+------+---------+
    |  Latency (cycles) |   Latency (absolute)  |   Interval  | Pipeline|
    |   min   |   max   |    min    |    max    |  min |  max |   Type  |
    +---------+---------+-----------+-----------+------+------+---------+
    |     6128|     6128|  61.280 us|  61.280 us|  6129|  6129|       no|
    +---------+---------+-----------+-----------+------+------+---------+

    + Detail: 
        * Instance: 
        +-------------------------------------------------------------------------+--------------------------------------------------------------+---------+---------+-----------+-----------+------+------+---------+
        |                                                                         |                                                              |  Latency (cycles) |   Latency (absolute)  |   Interval  | Pipeline|
        |                                 Instance                                |                            Module                            |   min   |   max   |    min    |    max    |  min |  max |   Type  |
        +-------------------------------------------------------------------------+--------------------------------------------------------------+---------+---------+-----------+-----------+------+------+---------+
        |grp_tiled_conv_Pipeline_VITIS_LOOP_94_2_VITIS_LOOP_96_3_fu_467           |tiled_conv_Pipeline_VITIS_LOOP_94_2_VITIS_LOOP_96_3           |       39|       39|   0.390 us|   0.390 us|    39|    39|       no|
        |grp_tiled_conv_Pipeline_INPUT_BUFFER_HEIGHT_INPUT_BUFFER_WIDTH_fu_474    |tiled_conv_Pipeline_INPUT_BUFFER_HEIGHT_INPUT_BUFFER_WIDTH    |      111|      111|   1.110 us|   1.110 us|   111|   111|       no|
        |grp_tiled_conv_Pipeline_WEIGHT_KERNEL_HEIGHT_WEIGHT_KERNEL_WIDTH_fu_486  |tiled_conv_Pipeline_WEIGHT_KERNEL_HEIGHT_WEIGHT_KERNEL_WIDTH  |       28|       28|   0.280 us|   0.280 us|    28|    28|       no|
        |grp_tiled_conv_Pipeline_VITIS_LOOP_37_2_VITIS_LOOP_39_3_fu_494           |tiled_conv_Pipeline_VITIS_LOOP_37_2_VITIS_LOOP_39_3           |      102|      102|   1.020 us|   1.020 us|   102|   102|       no|
        |grp_tiled_conv_Pipeline_VITIS_LOOP_69_2_VITIS_LOOP_70_3_fu_527           |tiled_conv_Pipeline_VITIS_LOOP_69_2_VITIS_LOOP_70_3           |       14|       14|   0.140 us|   0.140 us|    14|    14|       no|
        |grp_tiled_conv_Pipeline_VITIS_LOOP_92_2_VITIS_LOOP_93_3_fu_533           |tiled_conv_Pipeline_VITIS_LOOP_92_2_VITIS_LOOP_93_3           |       11|       11|   0.110 us|   0.110 us|    11|    11|       no|
        |grp_tiled_conv_Pipeline_OUTPUT_BUFFER_HEIGHT_OUTPUT_BUFFER_WIDTH_fu_539  |tiled_conv_Pipeline_OUTPUT_BUFFER_HEIGHT_OUTPUT_BUFFER_WIDTH  |       12|       12|   0.120 us|   0.120 us|    12|    12|       no|
        |grp_tiled_conv_Pipeline_VITIS_LOOP_109_1_VITIS_LOOP_111_2_fu_547         |tiled_conv_Pipeline_VITIS_LOOP_109_1_VITIS_LOOP_111_2         |     1455|     1455|  14.550 us|  14.550 us|  1455|  1455|       no|
        +-------------------------------------------------------------------------+--------------------------------------------------------------+---------+---------+-----------+-----------+------+------+---------+

        * Loop: 
        +-------------+---------+---------+----------+-----------+-----------+------+----------+
        |             |  Latency (cycles) | Iteration|  Initiation Interval  | Trip |          |
        |  Loop Name  |   min   |   max   |  Latency |  achieved |   target  | Count| Pipelined|
        +-------------+---------+---------+----------+-----------+-----------+------+----------+
        |- TILE_ROW   |     4664|     4664|      1166|          -|          -|     4|        no|
        | + TILE_COL  |     1124|     1124|       281|          -|          -|     4|        no|
        +-------------+---------+---------+----------+-----------+-----------+------+----------+



================================================================
== Utilization Estimates
================================================================
* Summary: 
+-----------------+---------+-----+--------+-------+-----+
|       Name      | BRAM_18K| DSP |   FF   |  LUT  | URAM|
+-----------------+---------+-----+--------+-------+-----+
|DSP              |        -|    -|       -|      -|    -|
|Expression       |        -|    -|       0|     96|    -|
|FIFO             |        -|    -|       -|      -|    -|
|Instance         |        0|   26|    5671|   7282|    -|
|Memory           |       14|    -|     107|     19|    0|
|Multiplexer      |        -|    -|       -|    935|    -|
|Register         |        -|    -|     938|      -|    -|
+-----------------+---------+-----+--------+-------+-----+
|Total            |       14|   26|    6716|   8332|    0|
+-----------------+---------+-----+--------+-------+-----+
|Available        |      280|  220|  106400|  53200|    0|
+-----------------+---------+-----+--------+-------+-----+
|Utilization (%)  |        5|   11|       6|     15|    0|
+-----------------+---------+-----+--------+-------+-----+

+ Detail: 
    * Instance: 
    +-------------------------------------------------------------------------+--------------------------------------------------------------+---------+----+------+------+-----+
    |                                 Instance                                |                            Module                            | BRAM_18K| DSP|  FF  |  LUT | URAM|
    +-------------------------------------------------------------------------+--------------------------------------------------------------+---------+----+------+------+-----+
    |control_s_axi_U                                                          |control_s_axi                                                 |        0|   0|   316|   552|    0|
    |fm_m_axi_U                                                               |fm_m_axi                                                      |        0|   0|   743|  1415|    0|
    |grp_tiled_conv_Pipeline_INPUT_BUFFER_HEIGHT_INPUT_BUFFER_WIDTH_fu_474    |tiled_conv_Pipeline_INPUT_BUFFER_HEIGHT_INPUT_BUFFER_WIDTH    |        0|   0|   502|   535|    0|
    |grp_tiled_conv_Pipeline_OUTPUT_BUFFER_HEIGHT_OUTPUT_BUFFER_WIDTH_fu_539  |tiled_conv_Pipeline_OUTPUT_BUFFER_HEIGHT_OUTPUT_BUFFER_WIDTH  |        0|   0|    25|   184|    0|
    |grp_tiled_conv_Pipeline_VITIS_LOOP_109_1_VITIS_LOOP_111_2_fu_547         |tiled_conv_Pipeline_VITIS_LOOP_109_1_VITIS_LOOP_111_2         |        0|   1|   435|   498|    0|
    |grp_tiled_conv_Pipeline_VITIS_LOOP_37_2_VITIS_LOOP_39_3_fu_494           |tiled_conv_Pipeline_VITIS_LOOP_37_2_VITIS_LOOP_39_3           |        0|  25|  2659|  1716|    0|
    |grp_tiled_conv_Pipeline_VITIS_LOOP_69_2_VITIS_LOOP_70_3_fu_527           |tiled_conv_Pipeline_VITIS_LOOP_69_2_VITIS_LOOP_70_3           |        0|   0|   149|   345|    0|
    |grp_tiled_conv_Pipeline_VITIS_LOOP_92_2_VITIS_LOOP_93_3_fu_533           |tiled_conv_Pipeline_VITIS_LOOP_92_2_VITIS_LOOP_93_3           |        0|   0|    18|   232|    0|
    |grp_tiled_conv_Pipeline_VITIS_LOOP_94_2_VITIS_LOOP_96_3_fu_467           |tiled_conv_Pipeline_VITIS_LOOP_94_2_VITIS_LOOP_96_3           |        0|   0|    43|   251|    0|
    |grp_tiled_conv_Pipeline_WEIGHT_KERNEL_HEIGHT_WEIGHT_KERNEL_WIDTH_fu_486  |tiled_conv_Pipeline_WEIGHT_KERNEL_HEIGHT_WEIGHT_KERNEL_WIDTH  |        0|   0|    38|   139|    0|
    |wt_m_axi_U                                                               |wt_m_axi                                                      |        0|   0|   743|  1415|    0|
    +-------------------------------------------------------------------------+--------------------------------------------------------------+---------+----+------+------+-----+
    |Total                                                                    |                                                              |        0|  26|  5671|  7282|    0|
    +-------------------------------------------------------------------------+--------------------------------------------------------------+---------+----+------+------+-----+

    * DSP: 
    N/A

    * Memory: 
    +------------------------+-------------------------------------+---------+----+----+-----+------+-----+------+-------------+
    |         Memory         |                Module               | BRAM_18K| FF | LUT| URAM| Words| Bits| Banks| W*Bits*Banks|
    +------------------------+-------------------------------------+---------+----+----+-----+------+-----+------+-------------+
    |conv_in_buf_V_0_U       |conv_in_buf_V_0_RAM_1WNR_AUTO_1R1W   |       12|   0|   0|    0|   100|   16|     1|         1600|
    |conv_out_buf_V_0_U      |conv_out_buf_V_0_RAM_1WNR_AUTO_1R1W  |        0|  60|   9|    0|    36|   15|     1|          540|
    |conv_wt_buf_V_0_0_U     |conv_wt_buf_V_0_0_RAM_AUTO_1R1W      |        0|  32|   7|    0|    25|   16|     1|          400|
    |layer1_output_V_U       |layer1_output_V_RAM_AUTO_1R1W        |        1|   0|   0|    0|   144|   15|     1|         2160|
    |linear_input_V_U        |layer1_output_V_RAM_AUTO_1R1W        |        1|   0|   0|    0|   144|   15|     1|         2160|
    |max_pool_out_buf_V_0_U  |max_pool_out_buf_V_0_RAM_AUTO_1R1W   |        0|  15|   3|    0|     9|   15|     1|          135|
    +------------------------+-------------------------------------+---------+----+----+-----+------+-----+------+-------------+
    |Total                   |                                     |       14| 107|  19|    0|   458|   92|     6|         6995|
    +------------------------+-------------------------------------+---------+----+----+-----+------+-----+------+-------------+

    * FIFO: 
    N/A

    * Expression: 
    +----------------------------------+----------+----+---+----+------------+------------+
    |           Variable Name          | Operation| DSP| FF| LUT| Bitwidth P0| Bitwidth P1|
    +----------------------------------+----------+----+---+----+------------+------------+
    |add_ln65_fu_601_p2                |         +|   0|  0|  11|           3|           1|
    |add_ln68_fu_684_p2                |         +|   0|  0|  11|           3|           1|
    |empty_38_fu_637_p2                |         -|   0|  0|  14|           6|           6|
    |empty_39_fu_655_p2                |         -|   0|  0|  13|           5|           5|
    |sub_ln181_fu_747_p2               |         -|   0|  0|  13|           5|           5|
    |sub_ln42_fu_720_p2                |         -|   0|  0|  14|           6|           6|
    |icmp_ln65_fu_595_p2               |      icmp|   0|  0|   9|           3|           4|
    |icmp_ln68_fu_678_p2               |      icmp|   0|  0|   9|           3|           4|
    |ap_block_state12_on_subcall_done  |        or|   0|  0|   2|           1|           1|
    +----------------------------------+----------+----+---+----+------------+------------+
    |Total                             |          |   0|  0|  96|          35|          33|
    +----------------------------------+----------+----+---+----+------------+------------+

    * Multiplexer: 
    +-------------------------------+-----+-----------+-----+-----------+
    |              Name             | LUT | Input Size| Bits| Total Bits|
    +-------------------------------+-----+-----------+-----+-----------+
    |ap_NS_fsm                      |  189|         43|    1|         43|
    |conv_in_buf_V_0_address0       |   14|          3|    7|         21|
    |conv_in_buf_V_0_ce0            |   14|          3|    1|          3|
    |conv_in_buf_V_0_ce1            |    9|          2|    1|          2|
    |conv_in_buf_V_0_ce10           |    9|          2|    1|          2|
    |conv_in_buf_V_0_ce11           |    9|          2|    1|          2|
    |conv_in_buf_V_0_ce12           |    9|          2|    1|          2|
    |conv_in_buf_V_0_ce2            |    9|          2|    1|          2|
    |conv_in_buf_V_0_ce3            |    9|          2|    1|          2|
    |conv_in_buf_V_0_ce4            |    9|          2|    1|          2|
    |conv_in_buf_V_0_ce5            |    9|          2|    1|          2|
    |conv_in_buf_V_0_ce6            |    9|          2|    1|          2|
    |conv_in_buf_V_0_ce7            |    9|          2|    1|          2|
    |conv_in_buf_V_0_ce8            |    9|          2|    1|          2|
    |conv_in_buf_V_0_ce9            |    9|          2|    1|          2|
    |conv_in_buf_V_0_we0            |    9|          2|    1|          2|
    |conv_out_buf_V_0_address0      |   20|          4|    6|         24|
    |conv_out_buf_V_0_ce0           |   20|          4|    1|          4|
    |conv_out_buf_V_0_ce1           |    9|          2|    1|          2|
    |conv_out_buf_V_0_ce2           |    9|          2|    1|          2|
    |conv_out_buf_V_0_ce3           |    9|          2|    1|          2|
    |conv_out_buf_V_0_d0            |   14|          3|   15|         45|
    |conv_out_buf_V_0_we0           |   14|          3|    1|          3|
    |conv_wt_buf_V_0_0_address0     |   65|         15|    5|         75|
    |conv_wt_buf_V_0_0_address1     |   65|         13|    5|         65|
    |conv_wt_buf_V_0_0_ce0          |   14|          3|    1|          3|
    |conv_wt_buf_V_0_0_we0          |    9|          2|    1|          2|
    |fm_ARVALID                     |    9|          2|    1|          2|
    |fm_AWADDR                      |   14|          3|   64|        192|
    |fm_AWLEN                       |   14|          3|   32|         96|
    |fm_AWVALID                     |   14|          3|    1|          3|
    |fm_BREADY                      |   14|          3|    1|          3|
    |fm_RREADY                      |    9|          2|    1|          2|
    |fm_WVALID                      |    9|          2|    1|          2|
    |fm_blk_n_AW                    |    9|          2|    1|          2|
    |fm_blk_n_B                     |    9|          2|    1|          2|
    |layer1_output_V_address0       |   14|          3|    8|         24|
    |layer1_output_V_ce0            |   14|          3|    1|          3|
    |layer1_output_V_we0            |    9|          2|    1|          2|
    |linear_input_V_address0        |   14|          3|    8|         24|
    |linear_input_V_ce0             |   14|          3|    1|          3|
    |linear_input_V_we0             |    9|          2|    1|          2|
    |max_pool_out_buf_V_0_address0  |   20|          4|    4|         16|
    |max_pool_out_buf_V_0_ce0       |   20|          4|    1|          4|
    |max_pool_out_buf_V_0_d0        |   14|          3|   15|         45|
    |max_pool_out_buf_V_0_we0       |   14|          3|    1|          3|
    |p_lcssa_lcssa_lcssa147_fu_164  |    9|          2|   32|         64|
    |ti_fu_160                      |    9|          2|    3|          6|
    |tj_reg_455                     |    9|          2|    3|          6|
    |wt_ARADDR                      |   20|          4|   64|        256|
    |wt_ARLEN                       |   20|          4|   32|        128|
    |wt_ARVALID                     |   20|          4|    1|          4|
    |wt_RREADY                      |   14|          3|    1|          3|
    |wt_blk_n_AR                    |    9|          2|    1|          2|
    +-------------------------------+-----+-----------+-----+-----------+
    |Total                          |  935|        203|  341|       1219|
    +-------------------------------+-----+-----------+-----+-----------+

    * Register: 
    +--------------------------------------------------------------------------------------+----+----+-----+-----------+
    |                                         Name                                         | FF | LUT| Bits| Const Bits|
    +--------------------------------------------------------------------------------------+----+----+-----+-----------+
    |add_ln65_reg_940                                                                      |   3|   0|    3|          0|
    |add_ln68_reg_974                                                                      |   3|   0|    3|          0|
    |ap_CS_fsm                                                                             |  42|   0|   42|          0|
    |conv_wt_buf_V_0_0_load_10_reg_1044                                                    |  16|   0|   16|          0|
    |conv_wt_buf_V_0_0_load_11_reg_1049                                                    |  16|   0|   16|          0|
    |conv_wt_buf_V_0_0_load_12_reg_1054                                                    |  16|   0|   16|          0|
    |conv_wt_buf_V_0_0_load_13_reg_1059                                                    |  16|   0|   16|          0|
    |conv_wt_buf_V_0_0_load_14_reg_1064                                                    |  16|   0|   16|          0|
    |conv_wt_buf_V_0_0_load_15_reg_1069                                                    |  16|   0|   16|          0|
    |conv_wt_buf_V_0_0_load_16_reg_1074                                                    |  16|   0|   16|          0|
    |conv_wt_buf_V_0_0_load_17_reg_1079                                                    |  16|   0|   16|          0|
    |conv_wt_buf_V_0_0_load_18_reg_1084                                                    |  16|   0|   16|          0|
    |conv_wt_buf_V_0_0_load_19_reg_1089                                                    |  16|   0|   16|          0|
    |conv_wt_buf_V_0_0_load_1_reg_999                                                      |  16|   0|   16|          0|
    |conv_wt_buf_V_0_0_load_20_reg_1094                                                    |  16|   0|   16|          0|
    |conv_wt_buf_V_0_0_load_21_reg_1099                                                    |  16|   0|   16|          0|
    |conv_wt_buf_V_0_0_load_22_reg_1104                                                    |  16|   0|   16|          0|
    |conv_wt_buf_V_0_0_load_23_reg_1109                                                    |  16|   0|   16|          0|
    |conv_wt_buf_V_0_0_load_24_reg_1114                                                    |  16|   0|   16|          0|
    |conv_wt_buf_V_0_0_load_2_reg_1004                                                     |  16|   0|   16|          0|
    |conv_wt_buf_V_0_0_load_3_reg_1009                                                     |  16|   0|   16|          0|
    |conv_wt_buf_V_0_0_load_4_reg_1014                                                     |  16|   0|   16|          0|
    |conv_wt_buf_V_0_0_load_5_reg_1019                                                     |  16|   0|   16|          0|
    |conv_wt_buf_V_0_0_load_6_reg_1024                                                     |  16|   0|   16|          0|
    |conv_wt_buf_V_0_0_load_7_reg_1029                                                     |  16|   0|   16|          0|
    |conv_wt_buf_V_0_0_load_8_reg_1034                                                     |  16|   0|   16|          0|
    |conv_wt_buf_V_0_0_load_9_reg_1039                                                     |  16|   0|   16|          0|
    |conv_wt_buf_V_0_0_load_reg_994                                                        |  16|   0|   16|          0|
    |empty_38_reg_945                                                                      |   5|   0|    6|          1|
    |empty_39_reg_950                                                                      |   5|   0|    5|          0|
    |grp_tiled_conv_Pipeline_INPUT_BUFFER_HEIGHT_INPUT_BUFFER_WIDTH_fu_474_ap_start_reg    |   1|   0|    1|          0|
    |grp_tiled_conv_Pipeline_OUTPUT_BUFFER_HEIGHT_OUTPUT_BUFFER_WIDTH_fu_539_ap_start_reg  |   1|   0|    1|          0|
    |grp_tiled_conv_Pipeline_VITIS_LOOP_109_1_VITIS_LOOP_111_2_fu_547_ap_start_reg         |   1|   0|    1|          0|
    |grp_tiled_conv_Pipeline_VITIS_LOOP_37_2_VITIS_LOOP_39_3_fu_494_ap_start_reg           |   1|   0|    1|          0|
    |grp_tiled_conv_Pipeline_VITIS_LOOP_69_2_VITIS_LOOP_70_3_fu_527_ap_start_reg           |   1|   0|    1|          0|
    |grp_tiled_conv_Pipeline_VITIS_LOOP_92_2_VITIS_LOOP_93_3_fu_533_ap_start_reg           |   1|   0|    1|          0|
    |grp_tiled_conv_Pipeline_VITIS_LOOP_94_2_VITIS_LOOP_96_3_fu_467_ap_start_reg           |   1|   0|    1|          0|
    |grp_tiled_conv_Pipeline_WEIGHT_KERNEL_HEIGHT_WEIGHT_KERNEL_WIDTH_fu_486_ap_start_reg  |   1|   0|    1|          0|
    |input_feature_map_read_reg_797                                                        |  64|   0|   64|          0|
    |lfsr_V                                                                                |  32|   0|   32|          0|
    |linear_weights_read_reg_792                                                           |  64|   0|   64|          0|
    |output_feature_map_read_reg_787                                                       |  64|   0|   64|          0|
    |p_lcssa_lcssa_lcssa147_fu_164                                                         |  32|   0|   32|          0|
    |sub_ln181_reg_1119                                                                    |   5|   0|    5|          0|
    |sub_ln42_reg_984                                                                      |   5|   0|    6|          1|
    |ti_fu_160                                                                             |   3|   0|    3|          0|
    |tj_reg_455                                                                            |   3|   0|    3|          0|
    |trunc_ln1_reg_965                                                                     |  63|   0|   63|          0|
    |trunc_ln28_reg_979                                                                    |   2|   0|    2|          0|
    |trunc_ln38_1_reg_960                                                                  |   2|   0|    3|          1|
    |trunc_ln38_reg_955                                                                    |   4|   0|    4|          0|
    |trunc_ln42_reg_989                                                                    |   2|   0|    3|          1|
    |trunc_ln_reg_927                                                                      |  63|   0|   63|          0|
    |wt_addr_reg_932                                                                       |  64|   0|   64|          0|
    +--------------------------------------------------------------------------------------+----+----+-----+-----------+
    |Total                                                                                 | 938|   0|  942|          4|
    +--------------------------------------------------------------------------------------+----+----+-----+-----------+



================================================================
== Interface
================================================================
* Summary: 
+-----------------------+-----+-----+------------+--------------+--------------+
|       RTL Ports       | Dir | Bits|  Protocol  | Source Object|    C Type    |
+-----------------------+-----+-----+------------+--------------+--------------+
|s_axi_control_AWVALID  |   in|    1|       s_axi|       control|        scalar|
|s_axi_control_AWREADY  |  out|    1|       s_axi|       control|        scalar|
|s_axi_control_AWADDR   |   in|    6|       s_axi|       control|        scalar|
|s_axi_control_WVALID   |   in|    1|       s_axi|       control|        scalar|
|s_axi_control_WREADY   |  out|    1|       s_axi|       control|        scalar|
|s_axi_control_WDATA    |   in|   32|       s_axi|       control|        scalar|
|s_axi_control_WSTRB    |   in|    4|       s_axi|       control|        scalar|
|s_axi_control_ARVALID  |   in|    1|       s_axi|       control|        scalar|
|s_axi_control_ARREADY  |  out|    1|       s_axi|       control|        scalar|
|s_axi_control_ARADDR   |   in|    6|       s_axi|       control|        scalar|
|s_axi_control_RVALID   |  out|    1|       s_axi|       control|        scalar|
|s_axi_control_RREADY   |   in|    1|       s_axi|       control|        scalar|
|s_axi_control_RDATA    |  out|   32|       s_axi|       control|        scalar|
|s_axi_control_RRESP    |  out|    2|       s_axi|       control|        scalar|
|s_axi_control_BVALID   |  out|    1|       s_axi|       control|        scalar|
|s_axi_control_BREADY   |   in|    1|       s_axi|       control|        scalar|
|s_axi_control_BRESP    |  out|    2|       s_axi|       control|        scalar|
|ap_clk                 |   in|    1|  ap_ctrl_hs|    tiled_conv|  return value|
|ap_rst_n               |   in|    1|  ap_ctrl_hs|    tiled_conv|  return value|
|interrupt              |  out|    1|  ap_ctrl_hs|    tiled_conv|  return value|
|m_axi_fm_AWVALID       |  out|    1|       m_axi|            fm|       pointer|
|m_axi_fm_AWREADY       |   in|    1|       m_axi|            fm|       pointer|
|m_axi_fm_AWADDR        |  out|   64|       m_axi|            fm|       pointer|
|m_axi_fm_AWID          |  out|    1|       m_axi|            fm|       pointer|
|m_axi_fm_AWLEN         |  out|    8|       m_axi|            fm|       pointer|
|m_axi_fm_AWSIZE        |  out|    3|       m_axi|            fm|       pointer|
|m_axi_fm_AWBURST       |  out|    2|       m_axi|            fm|       pointer|
|m_axi_fm_AWLOCK        |  out|    2|       m_axi|            fm|       pointer|
|m_axi_fm_AWCACHE       |  out|    4|       m_axi|            fm|       pointer|
|m_axi_fm_AWPROT        |  out|    3|       m_axi|            fm|       pointer|
|m_axi_fm_AWQOS         |  out|    4|       m_axi|            fm|       pointer|
|m_axi_fm_AWREGION      |  out|    4|       m_axi|            fm|       pointer|
|m_axi_fm_AWUSER        |  out|    1|       m_axi|            fm|       pointer|
|m_axi_fm_WVALID        |  out|    1|       m_axi|            fm|       pointer|
|m_axi_fm_WREADY        |   in|    1|       m_axi|            fm|       pointer|
|m_axi_fm_WDATA         |  out|   32|       m_axi|            fm|       pointer|
|m_axi_fm_WSTRB         |  out|    4|       m_axi|            fm|       pointer|
|m_axi_fm_WLAST         |  out|    1|       m_axi|            fm|       pointer|
|m_axi_fm_WID           |  out|    1|       m_axi|            fm|       pointer|
|m_axi_fm_WUSER         |  out|    1|       m_axi|            fm|       pointer|
|m_axi_fm_ARVALID       |  out|    1|       m_axi|            fm|       pointer|
|m_axi_fm_ARREADY       |   in|    1|       m_axi|            fm|       pointer|
|m_axi_fm_ARADDR        |  out|   64|       m_axi|            fm|       pointer|
|m_axi_fm_ARID          |  out|    1|       m_axi|            fm|       pointer|
|m_axi_fm_ARLEN         |  out|    8|       m_axi|            fm|       pointer|
|m_axi_fm_ARSIZE        |  out|    3|       m_axi|            fm|       pointer|
|m_axi_fm_ARBURST       |  out|    2|       m_axi|            fm|       pointer|
|m_axi_fm_ARLOCK        |  out|    2|       m_axi|            fm|       pointer|
|m_axi_fm_ARCACHE       |  out|    4|       m_axi|            fm|       pointer|
|m_axi_fm_ARPROT        |  out|    3|       m_axi|            fm|       pointer|
|m_axi_fm_ARQOS         |  out|    4|       m_axi|            fm|       pointer|
|m_axi_fm_ARREGION      |  out|    4|       m_axi|            fm|       pointer|
|m_axi_fm_ARUSER        |  out|    1|       m_axi|            fm|       pointer|
|m_axi_fm_RVALID        |   in|    1|       m_axi|            fm|       pointer|
|m_axi_fm_RREADY        |  out|    1|       m_axi|            fm|       pointer|
|m_axi_fm_RDATA         |   in|   32|       m_axi|            fm|       pointer|
|m_axi_fm_RLAST         |   in|    1|       m_axi|            fm|       pointer|
|m_axi_fm_RID           |   in|    1|       m_axi|            fm|       pointer|
|m_axi_fm_RUSER         |   in|    1|       m_axi|            fm|       pointer|
|m_axi_fm_RRESP         |   in|    2|       m_axi|            fm|       pointer|
|m_axi_fm_BVALID        |   in|    1|       m_axi|            fm|       pointer|
|m_axi_fm_BREADY        |  out|    1|       m_axi|            fm|       pointer|
|m_axi_fm_BRESP         |   in|    2|       m_axi|            fm|       pointer|
|m_axi_fm_BID           |   in|    1|       m_axi|            fm|       pointer|
|m_axi_fm_BUSER         |   in|    1|       m_axi|            fm|       pointer|
|m_axi_wt_AWVALID       |  out|    1|       m_axi|            wt|       pointer|
|m_axi_wt_AWREADY       |   in|    1|       m_axi|            wt|       pointer|
|m_axi_wt_AWADDR        |  out|   64|       m_axi|            wt|       pointer|
|m_axi_wt_AWID          |  out|    1|       m_axi|            wt|       pointer|
|m_axi_wt_AWLEN         |  out|    8|       m_axi|            wt|       pointer|
|m_axi_wt_AWSIZE        |  out|    3|       m_axi|            wt|       pointer|
|m_axi_wt_AWBURST       |  out|    2|       m_axi|            wt|       pointer|
|m_axi_wt_AWLOCK        |  out|    2|       m_axi|            wt|       pointer|
|m_axi_wt_AWCACHE       |  out|    4|       m_axi|            wt|       pointer|
|m_axi_wt_AWPROT        |  out|    3|       m_axi|            wt|       pointer|
|m_axi_wt_AWQOS         |  out|    4|       m_axi|            wt|       pointer|
|m_axi_wt_AWREGION      |  out|    4|       m_axi|            wt|       pointer|
|m_axi_wt_AWUSER        |  out|    1|       m_axi|            wt|       pointer|
|m_axi_wt_WVALID        |  out|    1|       m_axi|            wt|       pointer|
|m_axi_wt_WREADY        |   in|    1|       m_axi|            wt|       pointer|
|m_axi_wt_WDATA         |  out|   32|       m_axi|            wt|       pointer|
|m_axi_wt_WSTRB         |  out|    4|       m_axi|            wt|       pointer|
|m_axi_wt_WLAST         |  out|    1|       m_axi|            wt|       pointer|
|m_axi_wt_WID           |  out|    1|       m_axi|            wt|       pointer|
|m_axi_wt_WUSER         |  out|    1|       m_axi|            wt|       pointer|
|m_axi_wt_ARVALID       |  out|    1|       m_axi|            wt|       pointer|
|m_axi_wt_ARREADY       |   in|    1|       m_axi|            wt|       pointer|
|m_axi_wt_ARADDR        |  out|   64|       m_axi|            wt|       pointer|
|m_axi_wt_ARID          |  out|    1|       m_axi|            wt|       pointer|
|m_axi_wt_ARLEN         |  out|    8|       m_axi|            wt|       pointer|
|m_axi_wt_ARSIZE        |  out|    3|       m_axi|            wt|       pointer|
|m_axi_wt_ARBURST       |  out|    2|       m_axi|            wt|       pointer|
|m_axi_wt_ARLOCK        |  out|    2|       m_axi|            wt|       pointer|
|m_axi_wt_ARCACHE       |  out|    4|       m_axi|            wt|       pointer|
|m_axi_wt_ARPROT        |  out|    3|       m_axi|            wt|       pointer|
|m_axi_wt_ARQOS         |  out|    4|       m_axi|            wt|       pointer|
|m_axi_wt_ARREGION      |  out|    4|       m_axi|            wt|       pointer|
|m_axi_wt_ARUSER        |  out|    1|       m_axi|            wt|       pointer|
|m_axi_wt_RVALID        |   in|    1|       m_axi|            wt|       pointer|
|m_axi_wt_RREADY        |  out|    1|       m_axi|            wt|       pointer|
|m_axi_wt_RDATA         |   in|   32|       m_axi|            wt|       pointer|
|m_axi_wt_RLAST         |   in|    1|       m_axi|            wt|       pointer|
|m_axi_wt_RID           |   in|    1|       m_axi|            wt|       pointer|
|m_axi_wt_RUSER         |   in|    1|       m_axi|            wt|       pointer|
|m_axi_wt_RRESP         |   in|    2|       m_axi|            wt|       pointer|
|m_axi_wt_BVALID        |   in|    1|       m_axi|            wt|       pointer|
|m_axi_wt_BREADY        |  out|    1|       m_axi|            wt|       pointer|
|m_axi_wt_BRESP         |   in|    2|       m_axi|            wt|       pointer|
|m_axi_wt_BID           |   in|    1|       m_axi|            wt|       pointer|
|m_axi_wt_BUSER         |   in|    1|       m_axi|            wt|       pointer|
+-----------------------+-----+-----+------------+--------------+--------------+

